Archive member included to satisfy reference by file (symbol)

C:/ST/STM32CubeIDE_1.19.0/STM32CubeIDE/plugins/com.st.stm32cube.ide.mcu.externaltools.gnu-tools-for-stm32.13.3.rel1.win32_1.0.0.202411081344/tools/bin/../lib/gcc/arm-none-eabi/13.3.1/../../../../arm-none-eabi/lib/thumb/v7-m/nofp\libc_nano.a(libc_a-exit.o)
                              C:/ST/STM32CubeIDE_1.19.0/STM32CubeIDE/plugins/com.st.stm32cube.ide.mcu.externaltools.gnu-tools-for-stm32.13.3.rel1.win32_1.0.0.202411081344/tools/bin/../lib/gcc/arm-none-eabi/13.3.1/../../../../arm-none-eabi/lib/thumb/v7-m/nofp/crt0.o (exit)
C:/ST/STM32CubeIDE_1.19.0/STM32CubeIDE/plugins/com.st.stm32cube.ide.mcu.externaltools.gnu-tools-for-stm32.13.3.rel1.win32_1.0.0.202411081344/tools/bin/../lib/gcc/arm-none-eabi/13.3.1/../../../../arm-none-eabi/lib/thumb/v7-m/nofp\libc_nano.a(libc_a-findfp.o)
                              C:/ST/STM32CubeIDE_1.19.0/STM32CubeIDE/plugins/com.st.stm32cube.ide.mcu.externaltools.gnu-tools-for-stm32.13.3.rel1.win32_1.0.0.202411081344/tools/bin/../lib/gcc/arm-none-eabi/13.3.1/../../../../arm-none-eabi/lib/thumb/v7-m/nofp\libc_nano.a(libc_a-exit.o) (__stdio_exit_handler)
C:/ST/STM32CubeIDE_1.19.0/STM32CubeIDE/plugins/com.st.stm32cube.ide.mcu.externaltools.gnu-tools-for-stm32.13.3.rel1.win32_1.0.0.202411081344/tools/bin/../lib/gcc/arm-none-eabi/13.3.1/../../../../arm-none-eabi/lib/thumb/v7-m/nofp\libc_nano.a(libc_a-fwalk.o)
                              C:/ST/STM32CubeIDE_1.19.0/STM32CubeIDE/plugins/com.st.stm32cube.ide.mcu.externaltools.gnu-tools-for-stm32.13.3.rel1.win32_1.0.0.202411081344/tools/bin/../lib/gcc/arm-none-eabi/13.3.1/../../../../arm-none-eabi/lib/thumb/v7-m/nofp\libc_nano.a(libc_a-findfp.o) (_fwalk_sglue)
C:/ST/STM32CubeIDE_1.19.0/STM32CubeIDE/plugins/com.st.stm32cube.ide.mcu.externaltools.gnu-tools-for-stm32.13.3.rel1.win32_1.0.0.202411081344/tools/bin/../lib/gcc/arm-none-eabi/13.3.1/../../../../arm-none-eabi/lib/thumb/v7-m/nofp\libc_nano.a(libc_a-stdio.o)
                              C:/ST/STM32CubeIDE_1.19.0/STM32CubeIDE/plugins/com.st.stm32cube.ide.mcu.externaltools.gnu-tools-for-stm32.13.3.rel1.win32_1.0.0.202411081344/tools/bin/../lib/gcc/arm-none-eabi/13.3.1/../../../../arm-none-eabi/lib/thumb/v7-m/nofp\libc_nano.a(libc_a-findfp.o) (__sread)
C:/ST/STM32CubeIDE_1.19.0/STM32CubeIDE/plugins/com.st.stm32cube.ide.mcu.externaltools.gnu-tools-for-stm32.13.3.rel1.win32_1.0.0.202411081344/tools/bin/../lib/gcc/arm-none-eabi/13.3.1/../../../../arm-none-eabi/lib/thumb/v7-m/nofp\libc_nano.a(libc_a-memset.o)
                              C:/ST/STM32CubeIDE_1.19.0/STM32CubeIDE/plugins/com.st.stm32cube.ide.mcu.externaltools.gnu-tools-for-stm32.13.3.rel1.win32_1.0.0.202411081344/tools/bin/../lib/gcc/arm-none-eabi/13.3.1/../../../../arm-none-eabi/lib/thumb/v7-m/nofp/crt0.o (memset)
C:/ST/STM32CubeIDE_1.19.0/STM32CubeIDE/plugins/com.st.stm32cube.ide.mcu.externaltools.gnu-tools-for-stm32.13.3.rel1.win32_1.0.0.202411081344/tools/bin/../lib/gcc/arm-none-eabi/13.3.1/../../../../arm-none-eabi/lib/thumb/v7-m/nofp\libc_nano.a(libc_a-closer.o)
                              C:/ST/STM32CubeIDE_1.19.0/STM32CubeIDE/plugins/com.st.stm32cube.ide.mcu.externaltools.gnu-tools-for-stm32.13.3.rel1.win32_1.0.0.202411081344/tools/bin/../lib/gcc/arm-none-eabi/13.3.1/../../../../arm-none-eabi/lib/thumb/v7-m/nofp\libc_nano.a(libc_a-stdio.o) (_close_r)
C:/ST/STM32CubeIDE_1.19.0/STM32CubeIDE/plugins/com.st.stm32cube.ide.mcu.externaltools.gnu-tools-for-stm32.13.3.rel1.win32_1.0.0.202411081344/tools/bin/../lib/gcc/arm-none-eabi/13.3.1/../../../../arm-none-eabi/lib/thumb/v7-m/nofp\libc_nano.a(libc_a-reent.o)
                              C:/ST/STM32CubeIDE_1.19.0/STM32CubeIDE/plugins/com.st.stm32cube.ide.mcu.externaltools.gnu-tools-for-stm32.13.3.rel1.win32_1.0.0.202411081344/tools/bin/../lib/gcc/arm-none-eabi/13.3.1/../../../../arm-none-eabi/lib/thumb/v7-m/nofp\libc_nano.a(libc_a-closer.o) (errno)
C:/ST/STM32CubeIDE_1.19.0/STM32CubeIDE/plugins/com.st.stm32cube.ide.mcu.externaltools.gnu-tools-for-stm32.13.3.rel1.win32_1.0.0.202411081344/tools/bin/../lib/gcc/arm-none-eabi/13.3.1/../../../../arm-none-eabi/lib/thumb/v7-m/nofp\libc_nano.a(libc_a-impure.o)
                              C:/ST/STM32CubeIDE_1.19.0/STM32CubeIDE/plugins/com.st.stm32cube.ide.mcu.externaltools.gnu-tools-for-stm32.13.3.rel1.win32_1.0.0.202411081344/tools/bin/../lib/gcc/arm-none-eabi/13.3.1/../../../../arm-none-eabi/lib/thumb/v7-m/nofp\libc_nano.a(libc_a-reent.o) (_impure_ptr)
C:/ST/STM32CubeIDE_1.19.0/STM32CubeIDE/plugins/com.st.stm32cube.ide.mcu.externaltools.gnu-tools-for-stm32.13.3.rel1.win32_1.0.0.202411081344/tools/bin/../lib/gcc/arm-none-eabi/13.3.1/../../../../arm-none-eabi/lib/thumb/v7-m/nofp\libc_nano.a(libc_a-lseekr.o)
[...]
Memory Configuration

Name             Origin             Length             Attributes
RAM              0x20000000         0x00005000         xrw
FLASH            0x08000000         0x00010000         xr
*default*        0x00000000         0xffffffff

Linker script and memory map

LOAD C:/ST/STM32CubeIDE_1.19.0/STM32CubeIDE/plugins/com.st.stm32cube.ide.mcu.externaltools.gnu-tools-for-stm32.13.3.rel1.win32_1.0.0.202411081344/tools/bin/../lib/gcc/arm-none-eabi/13.3.1/thumb/v7-m/nofp/crti.o
LOAD C:/ST/STM32CubeIDE_1.19.0/STM32CubeIDE/plugins/com.st.stm32cube.ide.mcu.externaltools.gnu-tools-for-stm32.13.3.rel1.win32_1.0.0.202411081344/tools/bin/../lib/gcc/arm-none-eabi/13.3.1/thumb/v7-m/nofp/crtbegin.o
LOAD C:/ST/STM32CubeIDE_1.19.0/STM32CubeIDE/plugins/com.st.stm32cube.ide.mcu.externaltools.gnu-tools-for-stm32.13.3.rel1.win32_1.0.0.202411081344/tools/bin/../lib/gcc/arm-none-eabi/13.3.1/../../../../arm-none-eabi/lib/thumb/v7-m/nofp/crt0.o
LOAD ./App/Src/app.o
LOAD ./App/Src/app_callbacks.o
LOAD ./Core/Src/dma.o
LOAD ./Core/Src/gpio.o
LOAD ./Core/Src/main.o
LOAD ./Core/Src/stm32f1xx_hal_msp.o
LOAD ./Core/Src/stm32f1xx_it.o
LOAD ./Core/Src/syscalls.o
LOAD ./Core/Src/sysmem.o
LOAD ./Core/Src/system_stm32f1xx.o
LOAD ./Core/Src/usart.o
LOAD ./Core/Startup/startup_stm32f103c8tx.o
LOAD ./Drivers/STM32F1xx_HAL_Driver/stm32f1xx_hal.o
LOAD ./Drivers/STM32F1xx_HAL_Driver/stm32f1xx_hal_cortex.o
LOAD ./Drivers/STM32F1xx_HAL_Driver/stm32f1xx_hal_dma.o
LOAD ./Drivers/STM32F1xx_HAL_Driver/stm32f1xx_hal_exti.o
LOAD ./Drivers/STM32F1xx_HAL_Driver/stm32f1xx_hal_flash.o
LOAD ./Drivers/STM32F1xx_HAL_Driver/stm32f1xx_hal_flash_ex.o
LOAD ./Drivers/STM32F1xx_HAL_Driver/stm32f1xx_hal_gpio.o
LOAD ./Drivers/STM32F1xx_HAL_Driver/stm32f1xx_hal_gpio_ex.o
LOAD ./Drivers/STM32F1xx_HAL_Driver/stm32f1xx_hal_pwr.o
LOAD ./Drivers/STM32F1xx_HAL_Driver/stm32f1xx_hal_rcc.o
LOAD ./Drivers/STM32F1xx_HAL_Driver/stm32f1xx_hal_rcc_ex.o
LOAD ./Drivers/STM32F1xx_HAL_Driver/stm32f1xx_hal_uart.o
LOAD ./Modules/Src/fe_uart.o
LOAD ./Modules/Src/feetech_scs.o
LOAD ./Platform/Src/fe_platform_stm32_hal.o
START GROUP
LOAD C:/ST/STM32CubeIDE_1.19.0/STM32CubeIDE/plugins/com.st.stm32cube.ide.mcu.externaltools.gnu-tools-for-stm32.13.3.rel1.win32_1.0.0.202411081344/tools/bin/../lib/gcc/arm-none-eabi/13.3.1/../../../../arm-none-eabi/lib/thumb/v7-m/nofp\libstdc++_nano.a
LOAD C:/ST/STM32CubeIDE_1.19.0/STM32CubeIDE/plugins/com.st.stm32cube.ide.mcu.externaltools.gnu-tools-for-stm32.13.3.rel1.win32_1.0.0.202411081344/tools/bin/../lib/gcc/arm-none-eabi/13.3.1/../../../../arm-none-eabi/lib/thumb/v7-m/nofp\libsupc++_nano.a
END GROUP
LOAD C:/ST/STM32CubeIDE_1.19.0/STM32CubeIDE/plugins/com.st.stm32cube.ide.mcu.externaltools.gnu-tools-for-stm32.13.3.rel1.win32_1.0.0.202411081344/tools/bin/../lib/gcc/arm-none-eabi/13.3.1/../../../../arm-none-eabi/lib/thumb/v7-m/nofp\libstdc++_nano.a
LOAD C:/ST/STM32CubeIDE_1.19.0/STM32CubeIDE/plugins/com.st.stm32cube.ide.mcu.externaltools.gnu-tools-for-stm32.13.3.rel1.win32_1.0.0.202411081344/tools/bin/../lib/gcc/arm-none-eabi/13.3.1/../../../../arm-none-eabi/lib/thumb/v7-m/nofp\libm.a
LOAD C:/ST/STM32CubeIDE_1.19.0/STM32CubeIDE/plugins/com.st.stm32cube.ide.mcu.externaltools.gnu-tools-for-stm32.13.3.rel1.win32_1.0.0.202411081344/tools/bin/../lib/gcc/arm-none-eabi/13.3.1/../../../../arm-none-eabi/lib/thumb/v7-m/nofp\libc_nano.a
START GROUP
LOAD C:/ST/STM32CubeIDE_1.19.0/STM32CubeIDE/plugins/com.st.stm32cube.ide.mcu.externaltools.gnu-tools-for-stm32.13.3.rel1.win32_1.0.0.202411081344/tools/bin/../lib/gcc/arm-none-eabi/13.3.1/thumb/v7-m/nofp\libgcc.a
LOAD C:/ST/STM32CubeIDE_1.19.0/STM32CubeIDE/plugins/com.st.stm32cube.ide.mcu.externaltools.gnu-tools-for-stm32.13.3.rel1.win32_1.0.0.202411081344/tools/bin/../lib/gcc/arm-none-eabi/13.3.1/../../../../arm-none-eabi/lib/thumb/v7-m/nofp\libc_nano.a
END GROUP
START GROUP
LOAD C:/ST/STM32CubeIDE_1.19.0/STM32CubeIDE/plugins/com.st.stm32cube.ide.mcu.externaltools.gnu-tools-for-stm32.13.3.rel1.win32_1.0.0.202411081344/tools/bin/../lib/gcc/arm-none-eabi/13.3.1/thumb/v7-m/nofp\libgcc.a
LOAD C:/ST/STM32CubeIDE_1.19.0/STM32CubeIDE/plugins/com.st.stm32cube.ide.mcu.externaltools.gnu-tools-for-stm32.13.3.rel1.win32_1.0.0.202411081344/tools/bin/../lib/gcc/arm-none-eabi/13.3.1/../../../../arm-none-eabi/lib/thumb/v7-m/nofp\libc_nano.a
LOAD C:/ST/STM32CubeIDE_1.19.0/STM32CubeIDE/plugins/com.st.stm32cube.ide.mcu.externaltools.gnu-tools-for-stm32.13.3.rel1.win32_1.0.0.202411081344/tools/bin/../lib/gcc/arm-none-eabi/13.3.1/../../../../arm-none-eabi/lib/thumb/v7-m/nofp\libnosys.a
END GROUP
START GROUP
LOAD C:/ST/STM32CubeIDE_1.19.0/STM32CubeIDE/plugins/com.st.stm32cube.ide.mcu.externaltools.gnu-tools-for-stm32.13.3.rel1.win32_1.0.0.202411081344/tools/bin/../lib/gcc/arm-none-eabi/13.3.1/thumb/v7-m/nofp\libgcc.a
LOAD C:/ST/STM32CubeIDE_1.19.0/STM32CubeIDE/plugins/com.st.stm32cube.ide.mcu.externaltools.gnu-tools-for-stm32.13.3.rel1.win32_1.0.0.202411081344/tools/bin/../lib/gcc/arm-none-eabi/13.3.1/../../../../arm-none-eabi/lib/thumb/v7-m/nofp\libc_nano.a
LOAD C:/ST/STM32CubeIDE_1.19.0/STM32CubeIDE/plugins/com.st.stm32cube.ide.mcu.externaltools.gnu-tools-for-stm32.13.3.rel1.win32_1.0.0.202411081344/tools/bin/../lib/gcc/arm-none-eabi/13.3.1/../../../../arm-none-eabi/lib/thumb/v7-m/nofp\libnosys.a
END GROUP
LOAD C:/ST/STM32CubeIDE_1.19.0/STM32CubeIDE/plugins/com.st.stm32cube.ide.mcu.externaltools.gnu-tools-for-stm32.13.3.rel1.win32_1.0.0.202411081344/tools/bin/../lib/gcc/arm-none-eabi/13.3.1/thumb/v7-m/nofp/crtend.o
LOAD C:/ST/STM32CubeIDE_1.19.0/STM32CubeIDE/plugins/com.st.stm32cube.ide.mcu.externaltools.gnu-tools-for-stm32.13.3.rel1.win32_1.0.0.202411081344/tools/bin/../lib/gcc/arm-none-eabi/13.3.1/thumb/v7-m/nofp/crtn.o
                0x20005000                        _estack = (ORIGIN (RAM) + LENGTH (RAM))
                0x00000200                        _Min_Heap_Size = 0x200
                0x00000400                        _Min_Stack_Size = 0x400

.isr_vector     0x08000000      0x10c
                0x08000000                        . = ALIGN (0x4)
 *(.isr_vector)
 .isr_vector    0x08000000      0x10c ./Core/Startup/startup_stm32f103c8tx.o
                0x08000000                g_pfnVectors
                0x0800010c                        . = ALIGN (0x4)

.text           0x0800010c     0x3218
                0x0800010c                        . = ALIGN (0x4)
 *(.text)
 .text          0x0800010c       0x40 C:/ST/STM32CubeIDE_1.19.0/STM32CubeIDE/plugins/com.st.stm32cube.ide.mcu.externaltools.gnu-tools-for-stm32.13.3.rel1.win32_1.0.0.202411081344/tools/bin/../lib/gcc/arm-none-eabi/13.3.1/thumb/v7-m/nofp/crtbegin.o
 *(.text*)
 .text.disable_dma_ht
                0x0800014c       0x4a ./App/Src/app.o
 *fill*         0x08000196        0x2 
 .text.start_u1_rx
                0x08000198       0x24 ./App/Src/app.o
 .text.start_u2_rx
                0x080001bc       0x24 ./App/Src/app.o
 .text.stop_u2_rx
                0x080001e0       0x14 ./App/Src/app.o
 .text.start_u2_tx
                0x080001f4       0x90 ./App/Src/app.o
 .text.start_u1_tx
                0x08000284       0x58 ./App/Src/app.o
 .text.app_init
                0x080002dc       0x40 ./App/Src/app.o
                0x080002dc                app_init
 .text.app_loop
                0x0800031c        0xc ./App/Src/app.o
                0x0800031c                app_loop
 .text.app_on_uart_rx_event
                0x08000328       0x78 ./App/Src/app.o
                0x08000328                app_on_uart_rx_event
 .text.app_on_uart_tx_cplt
                0x080003a0       0x50 ./App/Src/app.o
                0x080003a0                app_on_uart_tx_cplt
 .text.app_on_uart_error
                0x080003f0       0x88 ./App/Src/app.o
                0x080003f0                app_on_uart_error
 .text.app_on_usart2_tc_irq
                0x08000478       0x5c ./App/Src/app.o
                0x08000478                app_on_usart2_tc_irq
 .text.HAL_UARTEx_RxEventCallback
                0x080004d4       0x1e ./App/Src/app_callbacks.o
                0x080004d4                HAL_UARTEx_RxEventCallback
 .text.HAL_UART_TxCpltCallback
                0x080004f2       0x16 ./App/Src/app_callbacks.o
                0x080004f2                HAL_UART_TxCpltCallback
 .text.HAL_UART_ErrorCallback
                0x08000508       0x16 ./App/Src/app_callbacks.o
                0x08000508                HAL_UART_ErrorCallback
 *fill*         0x0800051e        0x2 
 .text.MX_DMA_Init
                0x08000520       0x6c ./Core/Src/dma.o
                0x08000520                MX_DMA_Init
 .text.MX_GPIO_Init
                0x0800058c       0xdc ./Core/Src/gpio.o
                0x0800058c                MX_GPIO_Init
 .text.main     0x08000668       0x26 ./Core/Src/main.o
                0x08000668                main
 .text.SystemClock_Config
                0x0800068e       0x8a ./Core/Src/main.o
                0x0800068e                SystemClock_Config
 .text.Error_Handler
                0x08000718        0xc ./Core/Src/main.o
                0x08000718                Error_Handler
 .text.HAL_MspInit
                0x08000724       0x64 ./Core/Src/stm32f1xx_hal_msp.o
                0x08000724                HAL_MspInit
 .text.NMI_Handler
                0x08000788        0x8 ./Core/Src/stm32f1xx_it.o
                0x08000788                NMI_Handler
 .text.HardFault_Handler
                0x08000790        0x8 ./Core/Src/stm32f1xx_it.o
                0x08000790                HardFault_Handler
 .text.MemManage_Handler
                0x08000798        0x8 ./Core/Src/stm32f1xx_it.o
                0x08000798                MemManage_Handler
 .text.BusFault_Handler
                0x080007a0        0x8 ./Core/Src/stm32f1xx_it.o
                0x080007a0                BusFault_Handler
 .text.UsageFault_Handler
                0x080007a8        0x8 ./Core/Src/stm32f1xx_it.o
                0x080007a8                UsageFault_Handler
 .text.SVC_Handler
                0x080007b0        0xc ./Core/Src/stm32f1xx_it.o
                0x080007b0                SVC_Handler
 .text.DebugMon_Handler
                0x080007bc        0xc ./Core/Src/stm32f1xx_it.o
                0x080007bc                DebugMon_Handler
 .text.PendSV_Handler
                0x080007c8        0xc ./Core/Src/stm32f1xx_it.o
                0x080007c8                PendSV_Handler
 .text.SysTick_Handler
                0x080007d4        0xc ./Core/Src/stm32f1xx_it.o
                0x080007d4                SysTick_Handler
 .text.DMA1_Channel4_IRQHandler
                0x080007e0       0x14 ./Core/Src/stm32f1xx_it.o
                0x080007e0                DMA1_Channel4_IRQHandler
 .text.DMA1_Channel5_IRQHandler
                0x080007f4       0x14 ./Core/Src/stm32f1xx_it.o
                0x080007f4                DMA1_Channel5_IRQHandler
 .text.DMA1_Channel6_IRQHandler
                0x08000808       0x14 ./Core/Src/stm32f1xx_it.o
                0x08000808                DMA1_Channel6_IRQHandler
 .text.DMA1_Channel7_IRQHandler
                0x0800081c       0x14 ./Core/Src/stm32f1xx_it.o
                0x0800081c                DMA1_Channel7_IRQHandler
 .text.USART1_IRQHandler
                0x08000830       0x14 ./Core/Src/stm32f1xx_it.o
                0x08000830                USART1_IRQHandler
 .text.USART2_IRQHandler
                0x08000844       0x34 ./Core/Src/stm32f1xx_it.o
                0x08000844                USART2_IRQHandler
 .text.SystemInit
                0x08000878        0xc ./Core/Src/system_stm32f1xx.o
                0x08000878                SystemInit
 .text.MX_USART1_UART_Init
                0x08000884       0x54 ./Core/Src/usart.o
                0x08000884                MX_USART1_UART_Init
 .text.MX_USART2_UART_Init
                0x080008d8       0x54 ./Core/Src/usart.o
                0x080008d8                MX_USART2_UART_Init
 .text.HAL_UART_MspInit
                0x0800092c      0x27c ./Core/Src/usart.o
                0x0800092c                HAL_UART_MspInit
 .text.Reset_Handler
                0x08000ba8       0x48 ./Core/Startup/startup_stm32f103c8tx.o
                0x08000ba8                Reset_Handler
 .text.Default_Handler
                0x08000bf0        0x2 ./Core/Startup/startup_stm32f103c8tx.o
                0x08000bf0                RTC_Alarm_IRQHandler
                0x08000bf0                EXTI2_IRQHandler
                0x08000bf0                TIM1_CC_IRQHandler
                0x08000bf0                PVD_IRQHandler
                0x08000bf0                EXTI3_IRQHandler
                0x08000bf0                EXTI0_IRQHandler
                0x08000bf0                I2C2_EV_IRQHandler
                0x08000bf0                ADC1_2_IRQHandler
                0x08000bf0                SPI1_IRQHandler
                0x08000bf0                TAMPER_IRQHandler
                0x08000bf0                USART3_IRQHandler
                0x08000bf0                RTC_IRQHandler
                0x08000bf0                CAN1_RX1_IRQHandler
                0x08000bf0                TIM4_IRQHandler
                0x08000bf0                I2C1_EV_IRQHandler
                0x08000bf0                TIM3_IRQHandler
                0x08000bf0                RCC_IRQHandler
                0x08000bf0                TIM1_TRG_COM_IRQHandler
                0x08000bf0                DMA1_Channel1_IRQHandler
                0x08000bf0                Default_Handler
                0x08000bf0                EXTI15_10_IRQHandler
                0x08000bf0                EXTI9_5_IRQHandler
                0x08000bf0                SPI2_IRQHandler
                0x08000bf0                EXTI4_IRQHandler
                0x08000bf0                USB_LP_CAN1_RX0_IRQHandler
                0x08000bf0                USB_HP_CAN1_TX_IRQHandler
                0x08000bf0                DMA1_Channel3_IRQHandler
                0x08000bf0                TIM1_UP_IRQHandler
                0x08000bf0                WWDG_IRQHandler
                0x08000bf0                TIM2_IRQHandler
                0x08000bf0                TIM1_BRK_IRQHandler
                0x08000bf0                EXTI1_IRQHandler
                0x08000bf0                I2C2_ER_IRQHandler
                0x08000bf0                DMA1_Channel2_IRQHandler
                0x08000bf0                CAN1_SCE_IRQHandler
                0x08000bf0                FLASH_IRQHandler
                0x08000bf0                I2C1_ER_IRQHandler
                0x08000bf0                USBWakeUp_IRQHandler
 *fill*         0x08000bf2        0x2 
 .text.HAL_Init
                0x08000bf4       0x2c ./Drivers/STM32F1xx_HAL_Driver/stm32f1xx_hal.o
                0x08000bf4                HAL_Init
 .text.HAL_InitTick
                0x08000c20       0x60 ./Drivers/STM32F1xx_HAL_Driver/stm32f1xx_hal.o
                0x08000c20                HAL_InitTick
 .text.HAL_IncTick
                0x08000c80       0x24 ./Drivers/STM32F1xx_HAL_Driver/stm32f1xx_hal.o
                0x08000c80                HAL_IncTick
 .text.HAL_GetTick
                0x08000ca4       0x14 ./Drivers/STM32F1xx_HAL_Driver/stm32f1xx_hal.o
                0x08000ca4                HAL_GetTick
 .text.__NVIC_SetPriorityGrouping
                0x08000cb8       0x48 ./Drivers/STM32F1xx_HAL_Driver/stm32f1xx_hal_cortex.o
 .text.__NVIC_GetPriorityGrouping
                0x08000d00       0x1c ./Drivers/STM32F1xx_HAL_Driver/stm32f1xx_hal_cortex.o
 .text.__NVIC_EnableIRQ
                0x08000d1c       0x38 ./Drivers/STM32F1xx_HAL_Driver/stm32f1xx_hal_cortex.o
 .text.__NVIC_SetPriority
                0x08000d54       0x54 ./Drivers/STM32F1xx_HAL_Driver/stm32f1xx_hal_cortex.o
 .text.NVIC_EncodePriority
                0x08000da8       0x64 ./Drivers/STM32F1xx_HAL_Driver/stm32f1xx_hal_cortex.o
 .text.SysTick_Config
                0x08000e0c       0x44 ./Drivers/STM32F1xx_HAL_Driver/stm32f1xx_hal_cortex.o
 .text.HAL_NVIC_SetPriorityGrouping
                0x08000e50       0x16 ./Drivers/STM32F1xx_HAL_Driver/stm32f1xx_hal_cortex.o
                0x08000e50                HAL_NVIC_SetPriorityGrouping
 .text.HAL_NVIC_SetPriority
                0x08000e66       0x38 ./Drivers/STM32F1xx_HAL_Driver/stm32f1xx_hal_cortex.o
                0x08000e66                HAL_NVIC_SetPriority
 .text.HAL_NVIC_EnableIRQ
                0x08000e9e       0x1c ./Drivers/STM32F1xx_HAL_Driver/stm32f1xx_hal_cortex.o
                0x08000e9e                HAL_NVIC_EnableIRQ
 .text.HAL_SYSTICK_Config
                0x08000eba       0x18 ./Drivers/STM32F1xx_HAL_Driver/stm32f1xx_hal_cortex.o
                0x08000eba                HAL_SYSTICK_Config
 *fill*         0x08000ed2        0x2 
 .text.HAL_DMA_Init
                0x08000ed4       0xb4 ./Drivers/STM32F1xx_HAL_Driver/stm32f1xx_hal_dma.o
                0x08000ed4                HAL_DMA_Init
 .text.HAL_DMA_Start_IT
                0x08000f88       0xc0 ./Drivers/STM32F1xx_HAL_Driver/stm32f1xx_hal_dma.o
                0x08000f88                HAL_DMA_Start_IT
 .text.HAL_DMA_Abort
                0x08001048       0x76 ./Drivers/STM32F1xx_HAL_Driver/stm32f1xx_hal_dma.o
                0x08001048                HAL_DMA_Abort
 *fill*         0x080010be        0x2 
 .text.HAL_DMA_Abort_IT
                0x080010c0       0xf0 ./Drivers/STM32F1xx_HAL_Driver/stm32f1xx_hal_dma.o
                0x080010c0                HAL_DMA_Abort_IT
 .text.HAL_DMA_IRQHandler
                0x080011b0      0x20c ./Drivers/STM32F1xx_HAL_Driver/stm32f1xx_hal_dma.o
                0x080011b0                HAL_DMA_IRQHandler
 .text.HAL_DMA_GetError
                0x080013bc       0x16 ./Drivers/STM32F1xx_HAL_Driver/stm32f1xx_hal_dma.o
                0x080013bc                HAL_DMA_GetError
 .text.DMA_SetConfig
                0x080013d2       0x5a ./Drivers/STM32F1xx_HAL_Driver/stm32f1xx_hal_dma.o
 .text.HAL_GPIO_Init
                0x0800142c      0x308 ./Drivers/STM32F1xx_HAL_Driver/stm32f1xx_hal_gpio.o
                0x0800142c                HAL_GPIO_Init
 .text.HAL_GPIO_WritePin
                0x08001734       0x30 ./Drivers/STM32F1xx_HAL_Driver/stm32f1xx_hal_gpio.o
                0x08001734                HAL_GPIO_WritePin
 .text.HAL_RCC_OscConfig
                0x08001764      0x504 ./Drivers/STM32F1xx_HAL_Driver/stm32f1xx_hal_rcc.o
                0x08001764                HAL_RCC_OscConfig
 .text.HAL_RCC_ClockConfig
                0x08001c68      0x1d4 ./Drivers/STM32F1xx_HAL_Driver/stm32f1xx_hal_rcc.o
                0x08001c68                HAL_RCC_ClockConfig
 .text.HAL_RCC_GetSysClockFreq
                0x08001e3c       0xa8 ./Drivers/STM32F1xx_HAL_Driver/stm32f1xx_hal_rcc.o
                0x08001e3c                HAL_RCC_GetSysClockFreq
 .text.HAL_RCC_GetHCLKFreq
                0x08001ee4       0x14 ./Drivers/STM32F1xx_HAL_Driver/stm32f1xx_hal_rcc.o
                0x08001ee4                HAL_RCC_GetHCLKFreq
 .text.HAL_RCC_GetPCLK1Freq
                0x08001ef8       0x28 ./Drivers/STM32F1xx_HAL_Driver/stm32f1xx_hal_rcc.o
                0x08001ef8                HAL_RCC_GetPCLK1Freq
 .text.HAL_RCC_GetPCLK2Freq
                0x08001f20       0x28 ./Drivers/STM32F1xx_HAL_Driver/stm32f1xx_hal_rcc.o
                0x08001f20                HAL_RCC_GetPCLK2Freq
 .text.RCC_Delay
                0x08001f48       0x3c ./Drivers/STM32F1xx_HAL_Driver/stm32f1xx_hal_rcc.o
 .text.HAL_UART_Init
                0x08001f84       0xa0 ./Drivers/STM32F1xx_HAL_Driver/stm32f1xx_hal_uart.o
                0x08001f84                HAL_UART_Init
 .text.HAL_UART_Transmit_DMA
                0x08002024       0xe0 ./Drivers/STM32F1xx_HAL_Driver/stm32f1xx_hal_uart.o
                0x08002024                HAL_UART_Transmit_DMA
 .text.HAL_UARTEx_ReceiveToIdle_DMA
                0x08002104       0xb2 ./Drivers/STM32F1xx_HAL_Driver/stm32f1xx_hal_uart.o
                0x08002104                HAL_UARTEx_ReceiveToIdle_DMA
 .text.HAL_UART_Abort
                0x080021b6      0x1d6 ./Drivers/STM32F1xx_HAL_Driver/stm32f1xx_hal_uart.o
                0x080021b6                HAL_UART_Abort
 .text.HAL_UART_AbortReceive
                0x0800238c      0x146 ./Drivers/STM32F1xx_HAL_Driver/stm32f1xx_hal_uart.o
                0x0800238c                HAL_UART_AbortReceive
 *fill*         0x080024d2        0x2 
 .text.HAL_UART_IRQHandler
                0x080024d4      0x524 ./Drivers/STM32F1xx_HAL_Driver/stm32f1xx_hal_uart.o
                0x080024d4                HAL_UART_IRQHandler
 .text.HAL_UART_TxHalfCpltCallback
                0x080029f8       0x12 ./Drivers/STM32F1xx_HAL_Driver/stm32f1xx_hal_uart.o
                0x080029f8                HAL_UART_TxHalfCpltCallback
 .text.HAL_UART_RxCpltCallback
                0x08002a0a       0x12 ./Drivers/STM32F1xx_HAL_Driver/stm32f1xx_hal_uart.o
                0x08002a0a                HAL_UART_RxCpltCallback
 .text.HAL_UART_RxHalfCpltCallback
                0x08002a1c       0x12 ./Drivers/STM32F1xx_HAL_Driver/stm32f1xx_hal_uart.o
                0x08002a1c                HAL_UART_RxHalfCpltCallback
 .text.UART_DMATransmitCplt
                0x08002a2e       0x9a ./Drivers/STM32F1xx_HAL_Driver/stm32f1xx_hal_uart.o
 .text.UART_DMATxHalfCplt
                0x08002ac8       0x1c ./Drivers/STM32F1xx_HAL_Driver/stm32f1xx_hal_uart.o
 .text.UART_DMAReceiveCplt
                0x08002ae4      0x12c ./Drivers/STM32F1xx_HAL_Driver/stm32f1xx_hal_uart.o
 .text.UART_DMARxHalfCplt
                0x08002c10       0x3c ./Drivers/STM32F1xx_HAL_Driver/stm32f1xx_hal_uart.o
 .text.UART_DMAError
                0x08002c4c       0x94 ./Drivers/STM32F1xx_HAL_Driver/stm32f1xx_hal_uart.o
 .text.UART_Start_Receive_DMA
                0x08002ce0      0x134 ./Drivers/STM32F1xx_HAL_Driver/stm32f1xx_hal_uart.o
                0x08002ce0                UART_Start_Receive_DMA
 .text.UART_EndTxTransfer
                0x08002e14       0x4e ./Drivers/STM32F1xx_HAL_Driver/stm32f1xx_hal_uart.o
 .text.UART_EndRxTransfer
                0x08002e62       0xc4 ./Drivers/STM32F1xx_HAL_Driver/stm32f1xx_hal_uart.o
 .text.UART_DMAAbortOnError
                0x08002f26       0x28 ./Drivers/STM32F1xx_HAL_Driver/stm32f1xx_hal_uart.o
 .text.UART_Transmit_IT
                0x08002f4e       0x9e ./Drivers/STM32F1xx_HAL_Driver/stm32f1xx_hal_uart.o
 .text.UART_EndTransmit_IT
                0x08002fec       0x30 ./Drivers/STM32F1xx_HAL_Driver/stm32f1xx_hal_uart.o
 .text.UART_Receive_IT
                0x0800301c      0x17c ./Drivers/STM32F1xx_HAL_Driver/stm32f1xx_hal_uart.o
 .text.UART_SetConfig
                0x08003198      0x11c ./Drivers/STM32F1xx_HAL_Driver/stm32f1xx_hal_uart.o
 .text.memset   0x080032b4       0x10 C:/ST/STM32CubeIDE_1.19.0/STM32CubeIDE/plugins/com.st.stm32cube.ide.mcu.externaltools.gnu-tools-for-stm32.13.3.rel1.win32_1.0.0.202411081344/tools/bin/../lib/gcc/arm-none-eabi/13.3.1/../../../../arm-none-eabi/lib/thumb/v7-m/nofp\libc_nano.a(libc_a-memset.o)
                0x080032b4                memset
 .text.__libc_init_array
                0x080032c4       0x48 C:/ST/STM32CubeIDE_1.19.0/STM32CubeIDE/plugins/com.st.stm32cube.ide.mcu.externaltools.gnu-tools-for-stm32.13.3.rel1.win32_1.0.0.202411081344/tools/bin/../lib/gcc/arm-none-eabi/13.3.1/../../../../arm-none-eabi/lib/thumb/v7-m/nofp\libc_nano.a(libc_a-init.o)
                0x080032c4                __libc_init_array
 *(.glue_7)
 .glue_7        0x0800330c        0x0 linker stubs
 *(.glue_7t)
 .glue_7t       0x0800330c        0x0 linker stubs
 *(.eh_frame)
 .eh_frame      0x0800330c        0x0 C:/ST/STM32CubeIDE_1.19.0/STM32CubeIDE/plugins/com.st.stm32cube.ide.mcu.externaltools.gnu-tools-for-stm32.13.3.rel1.win32_1.0.0.202411081344/tools/bin/../lib/gcc/arm-none-eabi/13.3.1/thumb/v7-m/nofp/crtbegin.o
 *(.init)
 .init          0x0800330c        0x4 C:/ST/STM32CubeIDE_1.19.0/STM32CubeIDE/plugins/com.st.stm32cube.ide.mcu.externaltools.gnu-tools-for-stm32.13.3.rel1.win32_1.0.0.202411081344/tools/bin/../lib/gcc/arm-none-eabi/13.3.1/thumb/v7-m/nofp/crti.o
                0x0800330c                _init
 .init          0x08003310        0x8 C:/ST/STM32CubeIDE_1.19.0/STM32CubeIDE/plugins/com.st.stm32cube.ide.mcu.externaltools.gnu-tools-for-stm32.13.3.rel1.win32_1.0.0.202411081344/tools/bin/../lib/gcc/arm-none-eabi/13.3.1/thumb/v7-m/nofp/crtn.o
 *(.fini)
 .fini          0x08003318        0x4 C:/ST/STM32CubeIDE_1.19.0/STM32CubeIDE/plugins/com.st.stm32cube.ide.mcu.externaltools.gnu-tools-for-stm32.13.3.rel1.win32_1.0.0.202411081344/tools/bin/../lib/gcc/arm-none-eabi/13.3.1/thumb/v7-m/nofp/crti.o
                0x08003318                _fini
 .fini          0x0800331c        0x8 C:/ST/STM32CubeIDE_1.19.0/STM32CubeIDE/plugins/com.st.stm32cube.ide.mcu.externaltools.gnu-tools-for-stm32.13.3.rel1.win32_1.0.0.202411081344/tools/bin/../lib/gcc/arm-none-eabi/13.3.1/thumb/v7-m/nofp/crtn.o
                0x08003324                        . = ALIGN (0x4)
                0x08003324                        _etext = .

.vfp11_veneer   0x08003324        0x0
 .vfp11_veneer  0x08003324        0x0 linker stubs

.v4_bx          0x08003324        0x0
 .v4_bx         0x08003324        0x0 linker stubs

.iplt           0x08003324        0x0
 .iplt          0x08003324        0x0 C:/ST/STM32CubeIDE_1.19.0/STM32CubeIDE/plugins/com.st.stm32cube.ide.mcu.externaltools.gnu-tools-for-stm32.13.3.rel1.win32_1.0.0.202411081344/tools/bin/../lib/gcc/arm-none-eabi/13.3.1/thumb/v7-m/nofp/crtbegin.o

.rodata         0x08003324       0x2c
                0x08003324                        . = ALIGN (0x4)
 *(.rodata)
 *(.rodata*)
 .rodata.AHBPrescTable
                0x08003324       0x10 ./Core/Src/system_stm32f1xx.o
                0x08003324                AHBPrescTable
 .rodata.APBPrescTable
                0x08003334        0x8 ./Core/Src/system_stm32f1xx.o
                0x08003334                APBPrescTable
 .rodata.aPLLMULFactorTable.1
                0x0800333c       0x10 ./Drivers/STM32F1xx_HAL_Driver/stm32f1xx_hal_rcc.o
 .rodata.aPredivFactorTable.0
                0x0800334c        0x2 ./Drivers/STM32F1xx_HAL_Driver/stm32f1xx_hal_rcc.o
                0x08003350                        . = ALIGN (0x4)
 *fill*         0x0800334e        0x2 

.ARM.extab      0x08003350        0x0
                0x08003350                        . = ALIGN (0x4)
 *(.ARM.extab* .gnu.linkonce.armextab.*)
                0x08003350                        . = ALIGN (0x4)

.ARM            0x08003350        0x0
                0x08003350                        . = ALIGN (0x4)
                0x08003350                        __exidx_start = .
 *(.ARM.exidx*)
                0x08003350                        __exidx_end = .
                0x08003350                        . = ALIGN (0x4)

.preinit_array  0x08003350        0x0
                0x08003350                        . = ALIGN (0x4)
                0x08003350                        PROVIDE (__preinit_array_start = .)
 *(.preinit_array*)
                0x08003350                        PROVIDE (__preinit_array_end = .)
                0x08003350                        . = ALIGN (0x4)

.init_array     0x08003350        0x4
                0x08003350                        . = ALIGN (0x4)
                0x08003350                        PROVIDE (__init_array_start = .)
 *(SORT_BY_NAME(.init_array.*))
 *(.init_array*)
 .init_array    0x08003350        0x4 C:/ST/STM32CubeIDE_1.19.0/STM32CubeIDE/plugins/com.st.stm32cube.ide.mcu.externaltools.gnu-tools-for-stm32.13.3.rel1.win32_1.0.0.202411081344/tools/bin/../lib/gcc/arm-none-eabi/13.3.1/thumb/v7-m/nofp/crtbegin.o
                0x08003354                        PROVIDE (__init_array_end = .)
                0x08003354                        . = ALIGN (0x4)

.fini_array     0x08003354        0x4
                0x08003354                        . = ALIGN (0x4)
                [!provide]                        PROVIDE (__fini_array_start = .)
 *(SORT_BY_NAME(.fini_array.*))
 *(.fini_array*)
 .fini_array    0x08003354        0x4 C:/ST/STM32CubeIDE_1.19.0/STM32CubeIDE/plugins/com.st.stm32cube.ide.mcu.externaltools.gnu-tools-for-stm32.13.3.rel1.win32_1.0.0.202411081344/tools/bin/../lib/gcc/arm-none-eabi/13.3.1/thumb/v7-m/nofp/crtbegin.o
                [!provide]                        PROVIDE (__fini_array_end = .)
                0x08003358                        . = ALIGN (0x4)
                0x08003358                        _sidata = LOADADDR (.data)

.rel.dyn        0x08003358        0x0
 .rel.iplt      0x08003358        0x0 C:/ST/STM32CubeIDE_1.19.0/STM32CubeIDE/plugins/com.st.stm32cube.ide.mcu.externaltools.gnu-tools-for-stm32.13.3.rel1.win32_1.0.0.202411081344/tools/bin/../lib/gcc/arm-none-eabi/13.3.1/thumb/v7-m/nofp/crtbegin.o

.data           0x20000000        0xc load address 0x08003358
                0x20000000                        . = ALIGN (0x4)
                0x20000000                        _sdata = .
 *(.data)
 *(.data*)
 .data.SystemCoreClock
                0x20000000        0x4 ./Core/Src/system_stm32f1xx.o
                0x20000000                SystemCoreClock
 .data.uwTickPrio
                0x20000004        0x4 ./Drivers/STM32F1xx_HAL_Driver/stm32f1xx_hal.o
                0x20000004                uwTickPrio
 .data.uwTickFreq
                0x20000008        0x1 ./Drivers/STM32F1xx_HAL_Driver/stm32f1xx_hal.o
                0x20000008                uwTickFreq
 *(.RamFunc)
 *(.RamFunc*)
                0x2000000c                        . = ALIGN (0x4)
 *fill*         0x20000009        0x3 
                0x2000000c                        _edata = .

.igot.plt       0x2000000c        0x0 load address 0x08003364
 .igot.plt      0x2000000c        0x0 C:/ST/STM32CubeIDE_1.19.0/STM32CubeIDE/plugins/com.st.stm32cube.ide.mcu.externaltools.gnu-tools-for-stm32.13.3.rel1.win32_1.0.0.202411081344/tools/bin/../lib/gcc/arm-none-eabi/13.3.1/thumb/v7-m/nofp/crtbegin.o
                0x2000000c                        . = ALIGN (0x4)

.bss            0x2000000c      0x3c4 load address 0x08003364
                0x2000000c                        _sbss = .
                0x2000000c                        __bss_start__ = _sbss
 *(.bss)
 .bss           0x2000000c       0x1c C:/ST/STM32CubeIDE_1.19.0/STM32CubeIDE/plugins/com.st.stm32cube.ide.mcu.externaltools.gnu-tools-for-stm32.13.3.rel1.win32_1.0.0.202411081344/tools/bin/../lib/gcc/arm-none-eabi/13.3.1/thumb/v7-m/nofp/crtbegin.o
 *(.bss*)
 .bss.u1_rx_buf
                0x20000028      0x100 ./App/Src/app.o
 .bss.u2_rx_buf
                0x20000128      0x100 ./App/Src/app.o
 .bss.u1_tx_busy
                0x20000228        0x1 ./App/Src/app.o
 .bss.u2_tx_busy
                0x20000229        0x1 ./App/Src/app.o
 .bss.u2_wait_tc
                0x2000022a        0x1 ./App/Src/app.o
 *fill*         0x2000022b        0x1 
 .bss.huart1    0x2000022c       0x48 ./Core/Src/usart.o
                0x2000022c                huart1
 .bss.huart2    0x20000274       0x48 ./Core/Src/usart.o
                0x20000274                huart2
 .bss.hdma_usart1_rx
                0x200002bc       0x44 ./Core/Src/usart.o
                0x200002bc                hdma_usart1_rx
 .bss.hdma_usart1_tx
                0x20000300       0x44 ./Core/Src/usart.o
                0x20000300                hdma_usart1_tx
 .bss.hdma_usart2_rx
                0x20000344       0x44 ./Core/Src/usart.o
                0x20000344                hdma_usart2_rx
 .bss.hdma_usart2_tx
                0x20000388       0x44 ./Core/Src/usart.o
                0x20000388                hdma_usart2_tx
 .bss.uwTick    0x200003cc        0x4 ./Drivers/STM32F1xx_HAL_Driver/stm32f1xx_hal.o
                0x200003cc                uwTick
 *(COMMON)
                0x200003d0                        . = ALIGN (0x4)
                0x200003d0                        _ebss = .
                0x200003d0                        __bss_end__ = _ebss

._user_heap_stack
                0x200003d0      0x600 load address 0x08003364
                0x200003d0                        . = ALIGN (0x8)
                [!provide]                        PROVIDE (end = .)
                0x200003d0                        PROVIDE (_end = .)
                0x200005d0                        . = (. + _Min_Heap_Size)
 *fill*         0x200003d0      0x200 
                0x200009d0                        . = (. + _Min_Stack_Size)
 *fill*         0x200005d0      0x400 
                0x200009d0                        . = ALIGN (0x8)

/DISCARD/
 libc.a(*)
 libm.a(*)
 libgcc.a(*)

.ARM.attributes
                0x00000000       0x29
 *(.ARM.attributes)
 .ARM.attributes
                0x00000000       0x1d C:/ST/STM32CubeIDE_1.19.0/STM32CubeIDE/plugins/com.st.stm32cube.ide.mcu.externaltools.gnu-tools-for-stm32.13.3.rel1.win32_1.0.0.202411081344/tools/bin/../lib/gcc/arm-none-eabi/13.3.1/thumb/v7-m/nofp/crti.o
 .ARM.attributes
                0x0000001d       0x2d C:/ST/STM32CubeIDE_1.19.0/STM32CubeIDE/plugins/com.st.stm32cube.ide.mcu.externaltools.gnu-tools-for-stm32.13.3.rel1.win32_1.0.0.202411081344/tools/bin/../lib/gcc/arm-none-eabi/13.3.1/thumb/v7-m/nofp/crtbegin.o
 .ARM.attributes
                0x0000004a       0x2d ./App/Src/app.o
 .ARM.attributes
                0x00000077       0x2d ./App/Src/app_callbacks.o
 .ARM.attributes
                0x000000a4       0x2d ./Core/Src/dma.o
 .ARM.attributes
                0x000000d1       0x2d ./Core/Src/gpio.o
 .ARM.attributes
                0x000000fe       0x2d ./Core/Src/main.o
 .ARM.attributes
                0x0000012b       0x2d ./Core/Src/stm32f1xx_hal_msp.o
 .ARM.attributes
                0x00000158       0x2d ./Core/Src/stm32f1xx_it.o
 .ARM.attributes
                0x00000185       0x2d ./Core/Src/system_stm32f1xx.o
 .ARM.attributes
                0x000001b2       0x2d ./Core/Src/usart.o
 .ARM.attributes
                0x000001df       0x21 ./Core/Startup/startup_stm32f103c8tx.o
 .ARM.attributes
                0x00000200       0x2d ./Drivers/STM32F1xx_HAL_Driver/stm32f1xx_hal.o
 .ARM.attributes
                0x0000022d       0x2d ./Drivers/STM32F1xx_HAL_Driver/stm32f1xx_hal_cortex.o
 .ARM.attributes
                0x0000025a       0x2d ./Drivers/STM32F1xx_HAL_Driver/stm32f1xx_hal_dma.o
 .ARM.attributes
                0x00000287       0x2d ./Drivers/STM32F1xx_HAL_Driver/stm32f1xx_hal_gpio.o
 .ARM.attributes
                0x000002b4       0x2d ./Drivers/STM32F1xx_HAL_Driver/stm32f1xx_hal_rcc.o
 .ARM.attributes
                0x000002e1       0x2d ./Drivers/STM32F1xx_HAL_Driver/stm32f1xx_hal_uart.o
 .ARM.attributes
                0x0000030e       0x2d C:/ST/STM32CubeIDE_1.19.0/STM32CubeIDE/plugins/com.st.stm32cube.ide.mcu.externaltools.gnu-tools-for-stm32.13.3.rel1.win32_1.0.0.202411081344/tools/bin/../lib/gcc/arm-none-eabi/13.3.1/../../../../arm-none-eabi/lib/thumb/v7-m/nofp\libc_nano.a(libc_a-memset.o)
 .ARM.attributes
                0x0000033b       0x2d C:/ST/STM32CubeIDE_1.19.0/STM32CubeIDE/plugins/com.st.stm32cube.ide.mcu.externaltools.gnu-tools-for-stm32.13.3.rel1.win32_1.0.0.202411081344/tools/bin/../lib/gcc/arm-none-eabi/13.3.1/../../../../arm-none-eabi/lib/thumb/v7-m/nofp\libc_nano.a(libc_a-init.o)
 .ARM.attributes
                0x00000368       0x1d C:/ST/STM32CubeIDE_1.19.0/STM32CubeIDE/plugins/com.st.stm32cube.ide.mcu.externaltools.gnu-tools-for-stm32.13.3.rel1.win32_1.0.0.202411081344/tools/bin/../lib/gcc/arm-none-eabi/13.3.1/thumb/v7-m/nofp/crtn.o
OUTPUT(u2u_URT1.elf elf32-littlearm)
LOAD linker stubs
LOAD C:/ST/STM32CubeIDE_1.19.0/STM32CubeIDE/plugins/com.st.stm32cube.ide.mcu.externaltools.gnu-tools-for-stm32.13.3.rel1.win32_1.0.0.202411081344/tools/bin/../lib/gcc/arm-none-eabi/13.3.1/../../../../arm-none-eabi/lib/thumb/v7-m/nofp\libc.a
LOAD C:/ST/STM32CubeIDE_1.19.0/STM32CubeIDE/plugins/com.st.stm32cube.ide.mcu.externaltools.gnu-tools-for-stm32.13.3.rel1.win32_1.0.0.202411081344/tools/bin/../lib/gcc/arm-none-eabi/13.3.1/../../../../arm-none-eabi/lib/thumb/v7-m/nofp\libm.a
LOAD C:/ST/STM32CubeIDE_1.19.0/STM32CubeIDE/plugins/com.st.stm32cube.ide.mcu.externaltools.gnu-tools-for-stm32.13.3.rel1.win32_1.0.0.202411081344/tools/bin/../lib/gcc/arm-none-eabi/13.3.1/thumb/v7-m/nofp\libgcc.a

.debug_info     0x00000000     0x8004
 .debug_info    0x00000000      0x84b ./App/Src/app.o
 .debug_info    0x0000084b      0x5cd ./App/Src/app_callbacks.o
 .debug_info    0x00000e18      0x2cf ./Core/Src/dma.o
 .debug_info    0x000010e7      0x2d3 ./Core/Src/gpio.o
 .debug_info    0x000013ba      0x2ac ./Core/Src/main.o
 .debug_info    0x00001666      0x1f1 ./Core/Src/stm32f1xx_hal_msp.o
 .debug_info    0x00001857      0x6a4 ./Core/Src/stm32f1xx_it.o
 .debug_info    0x00001efb      0x222 ./Core/Src/system_stm32f1xx.o
 .debug_info    0x0000211d      0x9ed ./Core/Src/usart.o
 .debug_info    0x00002b0a       0x30 ./Core/Startup/startup_stm32f103c8tx.o
 .debug_info    0x00002b3a      0x704 ./Drivers/STM32F1xx_HAL_Driver/stm32f1xx_hal.o
 .debug_info    0x0000323e      0xa87 ./Drivers/STM32F1xx_HAL_Driver/stm32f1xx_hal_cortex.o
 .debug_info    0x00003cc5      0x6d2 ./Drivers/STM32F1xx_HAL_Driver/stm32f1xx_hal_dma.o
 .debug_info    0x00004397      0x5ab ./Drivers/STM32F1xx_HAL_Driver/stm32f1xx_hal_gpio.o
 .debug_info    0x00004942      0x7d5 ./Drivers/STM32F1xx_HAL_Driver/stm32f1xx_hal_rcc.o
 .debug_info    0x00005117     0x2eed ./Drivers/STM32F1xx_HAL_Driver/stm32f1xx_hal_uart.o

.debug_abbrev   0x00000000     0x1bcd
 .debug_abbrev  0x00000000      0x235 ./App/Src/app.o
 .debug_abbrev  0x00000235      0x164 ./App/Src/app_callbacks.o
 .debug_abbrev  0x00000399       0xfc ./Core/Src/dma.o
 .debug_abbrev  0x00000495      0x13f ./Core/Src/gpio.o
 .debug_abbrev  0x000005d4      0x172 ./Core/Src/main.o
 .debug_abbrev  0x00000746       0xdb ./Core/Src/stm32f1xx_hal_msp.o
 .debug_abbrev  0x00000821      0x1af ./Core/Src/stm32f1xx_it.o
 .debug_abbrev  0x000009d0      0x13f ./Core/Src/system_stm32f1xx.o
 .debug_abbrev  0x00000b0f      0x221 ./Core/Src/usart.o
 .debug_abbrev  0x00000d30       0x24 ./Core/Startup/startup_stm32f103c8tx.o
 .debug_abbrev  0x00000d54      0x201 ./Drivers/STM32F1xx_HAL_Driver/stm32f1xx_hal.o
 .debug_abbrev  0x00000f55      0x2f8 ./Drivers/STM32F1xx_HAL_Driver/stm32f1xx_hal_cortex.o
 .debug_abbrev  0x0000124d      0x20b ./Drivers/STM32F1xx_HAL_Driver/stm32f1xx_hal_dma.o
 .debug_abbrev  0x00001458      0x1ca ./Drivers/STM32F1xx_HAL_Driver/stm32f1xx_hal_gpio.o
 .debug_abbrev  0x00001622      0x2b3 ./Drivers/STM32F1xx_HAL_Driver/stm32f1xx_hal_rcc.o
 .debug_abbrev  0x000018d5      0x2f8 ./Drivers/STM32F1xx_HAL_Driver/stm32f1xx_hal_uart.o

.debug_aranges  0x00000000      0x7a0
 .debug_aranges
                0x00000000       0x78 ./App/Src/app.o
 .debug_aranges
                0x00000078       0x30 ./App/Src/app_callbacks.o
 .debug_aranges
                0x000000a8       0x20 ./Core/Src/dma.o
 .debug_aranges
                0x000000c8       0x20 ./Core/Src/gpio.o
 .debug_aranges
                0x000000e8       0x30 ./Core/Src/main.o
 .debug_aranges
                0x00000118       0x20 ./Core/Src/stm32f1xx_hal_msp.o
 .debug_aranges
                0x00000138       0x90 ./Core/Src/stm32f1xx_it.o
 .debug_aranges
                0x000001c8       0x28 ./Core/Src/system_stm32f1xx.o
 .debug_aranges
                0x000001f0       0x38 ./Core/Src/usart.o
 .debug_aranges
                0x00000228       0x28 ./Core/Startup/startup_stm32f103c8tx.o
 .debug_aranges
                0x00000250       0xe0 ./Drivers/STM32F1xx_HAL_Driver/stm32f1xx_hal.o
 .debug_aranges
                0x00000330      0x100 ./Drivers/STM32F1xx_HAL_Driver/stm32f1xx_hal_cortex.o
 .debug_aranges
                0x00000430       0x80 ./Drivers/STM32F1xx_HAL_Driver/stm32f1xx_hal_dma.o
 .debug_aranges
                0x000004b0       0x58 ./Drivers/STM32F1xx_HAL_Driver/stm32f1xx_hal_gpio.o
 .debug_aranges
                0x00000508       0x90 ./Drivers/STM32F1xx_HAL_Driver/stm32f1xx_hal_rcc.o
 .debug_aranges
                0x00000598      0x208 ./Drivers/STM32F1xx_HAL_Driver/stm32f1xx_hal_uart.o

.debug_rnglists
                0x00000000      0x5ba
 .debug_rnglists
                0x00000000       0x57 ./App/Src/app.o
 .debug_rnglists
                0x00000057       0x1f ./App/Src/app_callbacks.o
 .debug_rnglists
                0x00000076       0x13 ./Core/Src/dma.o
 .debug_rnglists
                0x00000089       0x14 ./Core/Src/gpio.o
 .debug_rnglists
                0x0000009d       0x20 ./Core/Src/main.o
 .debug_rnglists
                0x000000bd       0x13 ./Core/Src/stm32f1xx_hal_msp.o
 .debug_rnglists
                0x000000d0       0x67 ./Core/Src/stm32f1xx_it.o
 .debug_rnglists
                0x00000137       0x1a ./Core/Src/system_stm32f1xx.o
 .debug_rnglists
                0x00000151       0x27 ./Core/Src/usart.o
 .debug_rnglists
                0x00000178       0x19 ./Core/Startup/startup_stm32f103c8tx.o
 .debug_rnglists
                0x00000191       0xa3 ./Drivers/STM32F1xx_HAL_Driver/stm32f1xx_hal.o
 .debug_rnglists
                0x00000234       0xbb ./Drivers/STM32F1xx_HAL_Driver/stm32f1xx_hal_cortex.o
 .debug_rnglists
                0x000002ef       0x64 ./Drivers/STM32F1xx_HAL_Driver/stm32f1xx_hal_dma.o
 .debug_rnglists
                0x00000353       0x3f ./Drivers/STM32F1xx_HAL_Driver/stm32f1xx_hal_gpio.o
 .debug_rnglists
                0x00000392       0x6c ./Drivers/STM32F1xx_HAL_Driver/stm32f1xx_hal_rcc.o
 .debug_rnglists
                0x000003fe      0x1bc ./Drivers/STM32F1xx_HAL_Driver/stm32f1xx_hal_uart.o

.debug_macro    0x00000000    0x1710d
 .debug_macro   0x00000000      0x295 ./App/Src/app.o
 .debug_macro   0x00000295      0xacc ./App/Src/app.o
 .debug_macro   0x00000d61      0x21b ./App/Src/app.o
 .debug_macro   0x00000f7c       0x2e ./App/Src/app.o
 .debug_macro   0x00000faa       0x22 ./App/Src/app.o
 .debug_macro   0x00000fcc       0x22 ./App/Src/app.o
 .debug_macro   0x00000fee       0x8e ./App/Src/app.o
 .debug_macro   0x0000107c       0x51 ./App/Src/app.o
 .debug_macro   0x000010cd      0x103 ./App/Src/app.o
 .debug_macro   0x000011d0       0x6a ./App/Src/app.o
 .debug_macro   0x0000123a      0x1df ./App/Src/app.o
 .debug_macro   0x00001419       0x1c ./App/Src/app.o
 .debug_macro   0x00001435       0x22 ./App/Src/app.o
 .debug_macro   0x00001457       0xbd ./App/Src/app.o
 .debug_macro   0x00001514      0xd23 ./App/Src/app.o
 .debug_macro   0x00002237     0xe09e ./App/Src/app.o
 .debug_macro   0x000102d5       0x6d ./App/Src/app.o
 .debug_macro   0x00010342     0x34a2 ./App/Src/app.o
 .debug_macro   0x000137e4      0x190 ./App/Src/app.o
 .debug_macro   0x00013974       0x5c ./App/Src/app.o
 .debug_macro   0x000139d0      0x5bc ./App/Src/app.o
 .debug_macro   0x00013f8c      0x289 ./App/Src/app.o
 .debug_macro   0x00014215      0x1cb ./App/Src/app.o
 .debug_macro   0x000143e0      0x114 ./App/Src/app.o
 .debug_macro   0x000144f4      0x1b2 ./App/Src/app.o
 .debug_macro   0x000146a6       0x27 ./App/Src/app.o
 .debug_macro   0x000146cd      0x136 ./App/Src/app.o
 .debug_macro   0x00014803      0x1bc ./App/Src/app.o
 .debug_macro   0x000149bf       0x34 ./App/Src/app.o
 .debug_macro   0x000149f3       0x3c ./App/Src/app.o
 .debug_macro   0x00014a2f       0x57 ./App/Src/app.o
 .debug_macro   0x00014a86       0x87 ./App/Src/app.o
 .debug_macro   0x00014b0d      0x240 ./App/Src/app.o
 .debug_macro   0x00014d4d      0x140 ./App/Src/app.o
 .debug_macro   0x00014e8d      0x28e ./App/Src/app.o
 .debug_macro   0x0001511b       0x83 ./App/Src/app.o
 .debug_macro   0x0001519e       0x61 ./App/Src/app.o
 .debug_macro   0x000151ff       0x24 ./App/Src/app.o
 .debug_macro   0x00015223       0x43 ./App/Src/app.o
 .debug_macro   0x00015266       0x34 ./App/Src/app.o
 .debug_macro   0x0001529a      0x370 ./App/Src/app.o
 .debug_macro   0x0001560a       0x16 ./App/Src/app.o
 .debug_macro   0x00015620       0x4a ./App/Src/app.o
 .debug_macro   0x0001566a       0x34 ./App/Src/app.o
 .debug_macro   0x0001569e       0x10 ./App/Src/app.o
 .debug_macro   0x000156ae       0x58 ./App/Src/app.o
 .debug_macro   0x00015706       0x8e ./App/Src/app.o
 .debug_macro   0x00015794       0x1c ./App/Src/app.o
 .debug_macro   0x000157b0      0x185 ./App/Src/app.o
 .debug_macro   0x00015935       0x10 ./App/Src/app.o
 .debug_macro   0x00015945       0x3c ./App/Src/app.o
 .debug_macro   0x00015981       0x20 ./App/Src/app.o
 .debug_macro   0x000159a1       0x22 ./App/Src/app.o
 .debug_macro   0x000159c3      0x198 ./App/Src/app_callbacks.o
 .debug_macro   0x00015b5b      0x1a7 ./Core/Src/dma.o
 .debug_macro   0x00015d02       0x1c ./Core/Src/dma.o
 .debug_macro   0x00015d1e      0x1a7 ./Core/Src/gpio.o
 .debug_macro   0x00015ec5      0x1c9 ./Core/Src/main.o
 .debug_macro   0x0001608e      0x19d ./Core/Src/stm32f1xx_hal_msp.o
 .debug_macro   0x0001622b      0x1b1 ./Core/Src/stm32f1xx_it.o
 .debug_macro   0x000163dc      0x18e ./Core/Src/system_stm32f1xx.o
 .debug_macro   0x0001656a      0x1ad ./Core/Src/usart.o
 .debug_macro   0x00016717      0x1b2 ./Drivers/STM32F1xx_HAL_Driver/stm32f1xx_hal.o
 .debug_macro   0x000168c9      0x18e ./Drivers/STM32F1xx_HAL_Driver/stm32f1xx_hal_cortex.o
 .debug_macro   0x00016a57      0x18e ./Drivers/STM32F1xx_HAL_Driver/stm32f1xx_hal_dma.o
 .debug_macro   0x00016be5      0x1f9 ./Drivers/STM32F1xx_HAL_Driver/stm32f1xx_hal_gpio.o
 .debug_macro   0x00016dde      0x1a0 ./Drivers/STM32F1xx_HAL_Driver/stm32f1xx_hal_rcc.o
 .debug_macro   0x00016f7e      0x18f ./Drivers/STM32F1xx_HAL_Driver/stm32f1xx_hal_uart.o

.debug_line     0x00000000     0xb2e5
 .debug_line    0x00000000      0xaf0 ./App/Src/app.o
 .debug_line    0x00000af0      0x7e1 ./App/Src/app_callbacks.o
 .debug_line    0x000012d1      0x7b1 ./Core/Src/dma.o
 .debug_line    0x00001a82      0x7cd ./Core/Src/gpio.o
 .debug_line    0x0000224f      0x85a ./Core/Src/main.o
 .debug_line    0x00002aa9      0x7b0 ./Core/Src/stm32f1xx_hal_msp.o
 .debug_line    0x00003259      0x915 ./Core/Src/stm32f1xx_it.o
 .debug_line    0x00003b6e      0x82e ./Core/Src/system_stm32f1xx.o
 .debug_line    0x0000439c      0x93b ./Core/Src/usart.o
 .debug_line    0x00004cd7       0x78 ./Core/Startup/startup_stm32f103c8tx.o
 .debug_line    0x00004d4f      0xa98 ./Drivers/STM32F1xx_HAL_Driver/stm32f1xx_hal.o
 .debug_line    0x000057e7      0xc62 ./Drivers/STM32F1xx_HAL_Driver/stm32f1xx_hal_cortex.o
 .debug_line    0x00006449      0xea2 ./Drivers/STM32F1xx_HAL_Driver/stm32f1xx_hal_dma.o
 .debug_line    0x000072eb      0xaf5 ./Drivers/STM32F1xx_HAL_Driver/stm32f1xx_hal_gpio.o
 .debug_line    0x00007de0      0xf51 ./Drivers/STM32F1xx_HAL_Driver/stm32f1xx_hal_rcc.o
 .debug_line    0x00008d31     0x25b4 ./Drivers/STM32F1xx_HAL_Driver/stm32f1xx_hal_uart.o

.debug_str      0x00000000    0x81b43
 .debug_str     0x00000000    0x81b43 ./App/Src/app.o
                              0x801ff (size before relaxing)
 .debug_str     0x00081b43    0x7ce27 ./App/Src/app_callbacks.o
 .debug_str     0x00081b43    0x7cd4b ./Core/Src/dma.o
 .debug_str     0x00081b43    0x7caed ./Core/Src/gpio.o
 .debug_str     0x00081b43    0x7cc12 ./Core/Src/main.o
 .debug_str     0x00081b43    0x7ca75 ./Core/Src/stm32f1xx_hal_msp.o
 .debug_str     0x00081b43    0x7cfb4 ./Core/Src/stm32f1xx_it.o
 .debug_str     0x00081b43    0x7ca4f ./Core/Src/system_stm32f1xx.o
 .debug_str     0x00081b43    0x7d2d5 ./Core/Src/usart.o
 .debug_str     0x00081b43       0x79 ./Core/Startup/startup_stm32f103c8tx.o
 .debug_str     0x00081b43    0x7d1bb ./Drivers/STM32F1xx_HAL_Driver/stm32f1xx_hal.o
 .debug_str     0x00081b43    0x7d107 ./Drivers/STM32F1xx_HAL_Driver/stm32f1xx_hal_cortex.o
 .debug_str     0x00081b43    0x7ce31 ./Drivers/STM32F1xx_HAL_Driver/stm32f1xx_hal_dma.o
 .debug_str     0x00081b43    0x7ce0e ./Drivers/STM32F1xx_HAL_Driver/stm32f1xx_hal_gpio.o
 .debug_str     0x00081b43    0x7ceb7 ./Drivers/STM32F1xx_HAL_Driver/stm32f1xx_hal_rcc.o
 .debug_str     0x00081b43    0x7d528 ./Drivers/STM32F1xx_HAL_Driver/stm32f1xx_hal_uart.o

.comment        0x00000000       0x43
 .comment       0x00000000       0x43 ./App/Src/app.o
                                 0x44 (size before relaxing)
 .comment       0x00000043       0x44 ./App/Src/app_callbacks.o
 .comment       0x00000043       0x44 ./Core/Src/dma.o
 .comment       0x00000043       0x44 ./Core/Src/gpio.o
 .comment       0x00000043       0x44 ./Core/Src/main.o
 .comment       0x00000043       0x44 ./Core/Src/stm32f1xx_hal_msp.o
 .comment       0x00000043       0x44 ./Core/Src/stm32f1xx_it.o
 .comment       0x00000043       0x44 ./Core/Src/system_stm32f1xx.o
 .comment       0x00000043       0x44 ./Core/Src/usart.o
 .comment       0x00000043       0x44 ./Drivers/STM32F1xx_HAL_Driver/stm32f1xx_hal.o
 .comment       0x00000043       0x44 ./Drivers/STM32F1xx_HAL_Driver/stm32f1xx_hal_cortex.o
 .comment       0x00000043       0x44 ./Drivers/STM32F1xx_HAL_Driver/stm32f1xx_hal_dma.o
 .comment       0x00000043       0x44 ./Drivers/STM32F1xx_HAL_Driver/stm32f1xx_hal_gpio.o
 .comment       0x00000043       0x44 ./Drivers/STM32F1xx_HAL_Driver/stm32f1xx_hal_rcc.o
 .comment       0x00000043       0x44 ./Drivers/STM32F1xx_HAL_Driver/stm32f1xx_hal_uart.o

.debug_frame    0x00000000     0x1c10
 .debug_frame   0x00000000      0x19c ./App/Src/app.o
 .debug_frame   0x0000019c       0x7c ./App/Src/app_callbacks.o
 .debug_frame   0x00000218       0x34 ./Core/Src/dma.o
 .debug_frame   0x0000024c       0x34 ./Core/Src/gpio.o
 .debug_frame   0x00000280       0x68 ./Core/Src/main.o
 .debug_frame   0x000002e8       0x38 ./Core/Src/stm32f1xx_hal_msp.o
 .debug_frame   0x00000320      0x1ac ./Core/Src/stm32f1xx_it.o
 .debug_frame   0x000004cc       0x58 ./Core/Src/system_stm32f1xx.o
 .debug_frame   0x00000524       0x94 ./Core/Src/usart.o
 .debug_frame   0x000005b8      0x334 ./Drivers/STM32F1xx_HAL_Driver/stm32f1xx_hal.o
 .debug_frame   0x000008ec      0x428 ./Drivers/STM32F1xx_HAL_Driver/stm32f1xx_hal_cortex.o
 .debug_frame   0x00000d14      0x208 ./Drivers/STM32F1xx_HAL_Driver/stm32f1xx_hal_dma.o
 .debug_frame   0x00000f1c      0x14c ./Drivers/STM32F1xx_HAL_Driver/stm32f1xx_hal_gpio.o
 .debug_frame   0x00001068      0x218 ./Drivers/STM32F1xx_HAL_Driver/stm32f1xx_hal_rcc.o
 .debug_frame   0x00001280      0x944 ./Drivers/STM32F1xx_HAL_Driver/stm32f1xx_hal_uart.o
 .debug_frame   0x00001bc4       0x20 C:/ST/STM32CubeIDE_1.19.0/STM32CubeIDE/plugins/com.st.stm32cube.ide.mcu.externaltools.gnu-tools-for-stm32.13.3.rel1.win32_1.0.0.202411081344/tools/bin/../lib/gcc/arm-none-eabi/13.3.1/../../../../arm-none-eabi/lib/thumb/v7-m/nofp\libc_nano.a(libc_a-memset.o)
 .debug_frame   0x00001be4       0x2c C:/ST/STM32CubeIDE_1.19.0/STM32CubeIDE/plugins/com.st.stm32cube.ide.mcu.externaltools.gnu-tools-for-stm32.13.3.rel1.win32_1.0.0.202411081344/tools/bin/../lib/gcc/arm-none-eabi/13.3.1/../../../../arm-none-eabi/lib/thumb/v7-m/nofp\libc_nano.a(libc_a-init.o)

.debug_line_str
                0x00000000       0x5d
 .debug_line_str
                0x00000000       0x5d ./Core/Startup/startup_stm32f103c8tx.o
