../App/Src/app.c:44:13:disable_dma_ht	16	static
../App/Src/app.c:54:13:start_u1_rx	8	static
../App/Src/app.c:60:13:start_u2_rx	8	static
../App/Src/app.c:66:13:stop_u2_rx	8	static
../App/Src/app.c:71:13:start_u2_tx	16	static
../App/Src/app.c:102:13:start_u1_tx	16	static
../App/Src/app.c:121:6:app_init	8	static
../App/Src/app.c:133:6:app_loop	4	static
../App/Src/app.c:138:6:app_on_uart_rx_event	16	static
../App/Src/app.c:163:6:app_on_uart_tx_cplt	16	static
../App/Src/app.c:181:6:app_on_uart_error	16	static
../App/Src/app.c:204:6:app_on_usart2_tc_irq	8	static
